// Jest Snapshot v1, https://goo.gl/fbAQLP

exports[`matches details component snapshot 1`] = `
<div>
  <h1>
    loading
  </h1>
</div>
`;
