// Jest Snapshot v1, https://goo.gl/fbAQLP

exports[`matches voice search component snapshot 1`] = `
<div>
  VoiceSearch under construction....
</div>
`;
